[SpheroidalWaveFunctions.jl] SpheroidalWaveFunctions Fortran batch build starting...
[SpheroidalWaveFunctions.jl] Building dual precision backends (r8 and r16)
[SpheroidalWaveFunctions.jl] Build directory: C:\Users\Brandyn\GitHub\SpheroidalWaveFunctions\build
[SpheroidalWaveFunctions.jl] Found CMake: C:\Program Files\CMake\bin\cmake.exe
[SpheroidalWaveFunctions.jl] Found Fortran compiler: C:\WinLibs\mingw64\bin\gfortran.exe (using gfortran, target=x86_64-w64-mingw32)
[SpheroidalWaveFunctions.jl] All 16 source files verified.
[SpheroidalWaveFunctions.jl] Running CMake configure...
[SpheroidalWaveFunctions.jl] Command: cmake -S C:\Users\Brandyn\GitHub\SpheroidalWaveFunctions -B C:\Users\Brandyn\GitHub\SpheroidalWaveFunctions\build -DCMAKE_Fortran_COMPILER=C:\WinLibs\mingw64\bin\gfortran.exe -G MinGW Makefiles
-- Configured dual backends:
--   r8  -> spheroidal_batch_r8
--   r16 -> spheroidal_batch_r16
-- Configuring done (0.0s)
-- Generating done (0.1s)
-- Build files have been written to: C:/Users/Brandyn/GitHub/SpheroidalWaveFunctions/build
[SpheroidalWaveFunctions.jl] Running CMake build...
[SpheroidalWaveFunctions.jl] Command: cmake --build C:\Users\Brandyn\GitHub\SpheroidalWaveFunctions\build --config Release
